// Jest Snapshot v1, https://goo.gl/fbAQLP

exports[`<Main /> should render the heading 1`] = `
<main
  class="sc-bczRLJ byjVY"
>
  <img
    alt="Imagem de um átomo e React Avançado escrito ao lado."
    class="sc-gsnTZi ebxzkr"
    src="/logo192.png"
  />
  <h1
    class="sc-dkzDqf BthzW"
  >
    React Avançado
  </h1>
  <h2
    class="sc-hKMtZM cLAtTB"
  >
    TypeScript, ReactJS, NextJS e Styled Components
  </h2>
  <img
    alt="Um desenvolvedor de frente para uma tela com código."
    class="sc-eCYdqJ cQnCtQ"
    src="/img/hero-illustration.svg"
  />
</main>
`
